// Jest Snapshot v1, https://goo.gl/fbAQLP

exports[`TaskInputModal renders correctly when visible 1`] = `
<View
  animationType="slide"
  onRequestClose={[MockFunction]}
  transparent={true}
  visible={true}
>
  <View
    style={
      {
        "alignItems": "center",
        "backgroundColor": "rgba(0, 0, 0, 0.5)",
        "flex": 1,
        "justifyContent": "center",
      }
    }
  >
    <View
      style={
        {
          "alignItems": "center",
          "backgroundColor": "white",
          "borderRadius": 20,
          "elevation": 5,
          "maxHeight": 800.4,
          "padding": 35,
          "shadowColor": "#000",
          "shadowOffset": {
            "height": 2,
            "width": 0,
          },
          "shadowOpacity": 0.25,
          "shadowRadius": 4,
          "width": 600,
        }
      }
    >
      <View
        accessibilityState={
          {
            "busy": undefined,
            "checked": undefined,
            "disabled": undefined,
            "expanded": undefined,
            "selected": undefined,
          }
        }
        accessibilityValue={
          {
            "max": undefined,
            "min": undefined,
            "now": undefined,
            "text": undefined,
          }
        }
        accessible={true}
        collapsable={false}
        focusable={true}
        onClick={[Function]}
        onResponderGrant={[Function]}
        onResponderMove={[Function]}
        onResponderRelease={[Function]}
        onResponderTerminate={[Function]}
        onResponderTerminationRequest={[Function]}
        onStartShouldSetResponder={[Function]}
        style={
          {
            "opacity": 1,
            "position": "absolute",
            "right": 10,
            "top": 10,
          }
        }
      >
        <Text />
      </View>
      <TextInput
        onChangeText={[Function]}
        placeholder="Enter task title"
        style={
          {
            "borderColor": "#ccc",
            "borderRadius": 5,
            "borderWidth": 1,
            "marginBottom": 10,
            "padding": 10,
            "width": "100%",
          }
        }
        value=""
      />
      <TextInput
        multiline={true}
        numberOfLines={4}
        onChangeText={[Function]}
        placeholder="Enter description (optional)"
        style={
          [
            {
              "borderColor": "#ccc",
              "borderRadius": 5,
              "borderWidth": 1,
              "marginBottom": 10,
              "padding": 10,
              "width": "100%",
            },
            {
              "height": 100,
            },
          ]
        }
        value=""
      />
      <View
        accessibilityRole="button"
        accessibilityState={
          {
            "busy": undefined,
            "checked": undefined,
            "disabled": true,
            "expanded": undefined,
            "selected": undefined,
          }
        }
        accessibilityValue={
          {
            "max": undefined,
            "min": undefined,
            "now": undefined,
            "text": undefined,
          }
        }
        accessible={true}
        collapsable={false}
        focusable={true}
        onClick={[Function]}
        onResponderGrant={[Function]}
        onResponderMove={[Function]}
        onResponderRelease={[Function]}
        onResponderTerminate={[Function]}
        onResponderTerminationRequest={[Function]}
        onStartShouldSetResponder={[Function]}
        style={
          {
            "opacity": 1,
          }
        }
      >
        <View
          style={
            [
              {},
              {},
            ]
          }
        >
          <Text
            disabled={true}
            style={
              [
                {
                  "color": "#007AFF",
                  "fontSize": 18,
                  "margin": 8,
                  "textAlign": "center",
                },
                {
                  "color": "#cdcdcd",
                },
              ]
            }
          >
            Add Task
          </Text>
        </View>
      </View>
    </View>
  </View>
</View>
`;
