// Jest Snapshot v1, https://goo.gl/fbAQLP

exports[`TaskList component renders tasks correctly 1`] = `
<View
  contentContainerStyle={
    {
      "flexGrow": 1,
      "paddingBottom": 20,
      "width": "100%",
    }
  }
>
  <View
    style={
      {
        "alignItems": "center",
        "alignSelf": "center",
        "borderColor": "#ccc",
        "borderRadius": 5,
        "borderWidth": 1,
        "flexDirection": "row",
        "justifyContent": "space-between",
        "marginBottom": 10,
        "padding": 10,
        "width": 675,
      }
    }
  >
    <View
      style={
        {
          "flex": 1,
          "marginRight": 10,
        }
      }
    >
      <Text
        numberOfLines={1}
        style={
          {
            "fontWeight": "bold",
            "marginBottom": 5,
          }
        }
      >
        Task 1
      </Text>
      <Text
        numberOfLines={1}
        style={
          {
            "color": "gray",
            "fontSize": 14,
          }
        }
      >
        Description 1
      </Text>
    </View>
    <View
      accessibilityState={
        {
          "busy": undefined,
          "checked": undefined,
          "disabled": undefined,
          "expanded": undefined,
          "selected": undefined,
        }
      }
      accessibilityValue={
        {
          "max": undefined,
          "min": undefined,
          "now": undefined,
          "text": undefined,
        }
      }
      accessible={true}
      collapsable={false}
      focusable={true}
      onClick={[Function]}
      onResponderGrant={[Function]}
      onResponderMove={[Function]}
      onResponderRelease={[Function]}
      onResponderTerminate={[Function]}
      onResponderTerminationRequest={[Function]}
      onStartShouldSetResponder={[Function]}
      style={
        {
          "opacity": 1,
        }
      }
    >
      <Text
        style={
          {
            "marginRight": 10,
          }
        }
      >
        Options
      </Text>
    </View>
  </View>
  <View
    style={
      {
        "alignItems": "center",
        "alignSelf": "center",
        "borderColor": "#ccc",
        "borderRadius": 5,
        "borderWidth": 1,
        "flexDirection": "row",
        "justifyContent": "space-between",
        "marginBottom": 10,
        "padding": 10,
        "width": 675,
      }
    }
  >
    <View
      style={
        {
          "flex": 1,
          "marginRight": 10,
        }
      }
    >
      <Text
        numberOfLines={1}
        style={
          {
            "fontWeight": "bold",
            "marginBottom": 5,
          }
        }
      >
        Task 2
      </Text>
      <Text
        numberOfLines={1}
        style={
          {
            "color": "gray",
            "fontSize": 14,
          }
        }
      >
        Description 2
      </Text>
    </View>
    <View
      accessibilityState={
        {
          "busy": undefined,
          "checked": undefined,
          "disabled": undefined,
          "expanded": undefined,
          "selected": undefined,
        }
      }
      accessibilityValue={
        {
          "max": undefined,
          "min": undefined,
          "now": undefined,
          "text": undefined,
        }
      }
      accessible={true}
      collapsable={false}
      focusable={true}
      onClick={[Function]}
      onResponderGrant={[Function]}
      onResponderMove={[Function]}
      onResponderRelease={[Function]}
      onResponderTerminate={[Function]}
      onResponderTerminationRequest={[Function]}
      onStartShouldSetResponder={[Function]}
      style={
        {
          "opacity": 1,
        }
      }
    >
      <Text
        style={
          {
            "marginRight": 10,
          }
        }
      >
        Options
      </Text>
    </View>
  </View>
</View>
`;

exports[`TaskList component renders tasks correctly 2`] = `
<View
  contentContainerStyle={
    {
      "flexGrow": 1,
      "paddingBottom": 20,
      "width": "100%",
    }
  }
>
  <View
    style={
      {
        "alignItems": "center",
        "alignSelf": "center",
        "borderColor": "#ccc",
        "borderRadius": 5,
        "borderWidth": 1,
        "flexDirection": "row",
        "justifyContent": "space-between",
        "marginBottom": 10,
        "padding": 10,
        "width": 675,
      }
    }
  >
    <View
      style={
        {
          "flex": 1,
          "marginRight": 10,
        }
      }
    >
      <Text
        numberOfLines={1}
        style={
          {
            "fontWeight": "bold",
            "marginBottom": 5,
          }
        }
      >
        Task 1
      </Text>
      <Text
        numberOfLines={1}
        style={
          {
            "color": "gray",
            "fontSize": 14,
          }
        }
      >
        Description 1
      </Text>
    </View>
    <View
      accessibilityState={
        {
          "busy": undefined,
          "checked": undefined,
          "disabled": undefined,
          "expanded": undefined,
          "selected": undefined,
        }
      }
      accessibilityValue={
        {
          "max": undefined,
          "min": undefined,
          "now": undefined,
          "text": undefined,
        }
      }
      accessible={true}
      collapsable={false}
      focusable={true}
      onClick={[Function]}
      onResponderGrant={[Function]}
      onResponderMove={[Function]}
      onResponderRelease={[Function]}
      onResponderTerminate={[Function]}
      onResponderTerminationRequest={[Function]}
      onStartShouldSetResponder={[Function]}
      style={
        {
          "opacity": 1,
        }
      }
    >
      <Text
        style={
          {
            "marginRight": 10,
          }
        }
      >
        Options
      </Text>
    </View>
  </View>
  <View
    style={
      {
        "alignItems": "center",
        "alignSelf": "center",
        "borderColor": "#ccc",
        "borderRadius": 5,
        "borderWidth": 1,
        "flexDirection": "row",
        "justifyContent": "space-between",
        "marginBottom": 10,
        "padding": 10,
        "width": 675,
      }
    }
  >
    <View
      style={
        {
          "flex": 1,
          "marginRight": 10,
        }
      }
    >
      <Text
        numberOfLines={1}
        style={
          {
            "fontWeight": "bold",
            "marginBottom": 5,
          }
        }
      >
        Task 2
      </Text>
      <Text
        numberOfLines={1}
        style={
          {
            "color": "gray",
            "fontSize": 14,
          }
        }
      >
        Description 2
      </Text>
    </View>
    <View
      accessibilityState={
        {
          "busy": undefined,
          "checked": undefined,
          "disabled": undefined,
          "expanded": undefined,
          "selected": undefined,
        }
      }
      accessibilityValue={
        {
          "max": undefined,
          "min": undefined,
          "now": undefined,
          "text": undefined,
        }
      }
      accessible={true}
      collapsable={false}
      focusable={true}
      onClick={[Function]}
      onResponderGrant={[Function]}
      onResponderMove={[Function]}
      onResponderRelease={[Function]}
      onResponderTerminate={[Function]}
      onResponderTerminationRequest={[Function]}
      onStartShouldSetResponder={[Function]}
      style={
        {
          "opacity": 1,
        }
      }
    >
      <Text
        style={
          {
            "marginRight": 10,
          }
        }
      >
        Options
      </Text>
    </View>
  </View>
</View>
`;
